[2026-08-07T01:40:26Z] === COLIDE DICC benchmark runner ===
[2026-08-07T01:40:26Z] COLIDE_ROOT=/home/user/ibteshamulhaque/colide
[2026-08-07T01:40:26Z] RUN_DIR=/home/user/ibteshamulhaque/colide/benchmarks/results/dicc/core/v100s/20260807_s2_job390653
[2026-08-07T01:40:26Z] GPU_LABEL=v100s kernels=/home/user/ibteshamulhaque/colide/inference/kernels/v100
[2026-08-07T01:40:26Z] Using venv python: /home/user/ibteshamulhaque/colide/.venv-mamba/bin/python
python_ok /home/user/ibteshamulhaque/micromamba/envs/colide/bin/python
sys.path+site /home/user/ibteshamulhaque/micromamba/envs/colide/lib/python3.1/site-packages
numpy 2.2.6 at /home/user/ibteshamulhaque/micromamba/envs/colide/lib/python3.1/site-packages/numpy/__init__.py
torch 2.5.1+cu121
[2026-08-07T01:40:28Z] Using pre-set CUDA_VISIBLE_DEVICES=0 (1 GPUs on node before mask)
[2026-08-07T01:40:28Z] GPU OK: label=v100s name='Tesla V100S-PCIE-32GB' cc=7.0 mem=32768MiB visible_on_node=1 CUDA_VISIBLE_DEVICES=0
torch CC OK: 7.0 device=Tesla V100S-PCIE-32GB (expect=7.0)
[2026-08-07T01:40:32Z] === Single-run CUDA kernel smoke (must pass validation) ===
[2026-08-07T01:40:32Z] --- fused_block1 ---
=== COLIDE Fused Block1 Kernel ===
✅ FP32 validation PASSED
⏱️  Fused kernel (FP32) time: 11.5459 µs
   PyTorch GPU (cuDNN) block1 p50: 300.1 µs (target to beat)
[2026-08-07T01:40:32Z] --- fused_block2 ---
=== COLIDE Fused Block2 Kernel (corrected) ===
✅ FP32 validation PASSED
⏱️  Fused kernel (FP32) time: 29.683 µs
   PyTorch GPU target: 333.8 µs
[2026-08-07T01:40:32Z] --- fused_block3 ---
=== COLIDE Block3 (transposed W_hh + CUDA Graphs) ===
✅ FP32 validation PASSED
⏱️  Without CUDA Graphs: 898.653 µs
✅ CUDA Graph validation PASSED
⏱️  With CUDA Graphs:    852.518 µs
   Speedup from graphs:  1.05412x
   PyTorch GPU target:   784.1 µs (n=50-trial mean, see benchmark_pytorch_block3_stats.py)
[2026-08-07T01:40:32Z] --- fused_block3_fp16 ---
=== COLIDE Block3 FP16 Native half2 ===
✅ FP16 half2 validation PASSED
⏱️  Block3 FP16 half2:    597.683 µs
   Block3 FP32:          1007.3 µs
   Speedup FP16/FP32:    1.68534x
   PyTorch GPU target:   784.1 µs (n=50-trial mean, see benchmark_pytorch_block3_stats.py)
[2026-08-07T01:40:33Z] --- fused_block3_naive ---
=== COLIDE Fused Block3 (BiLSTM) ===
✅ FP32 validation PASSED
⏱️  Block3 (BiLSTM) time: 4969.06 µs
   PyTorch GPU target: 784.1 µs (n=50-trial mean, see benchmark_pytorch_block3_stats.py)
[2026-08-07T01:40:33Z] --- fused_block4 ---
=== COLIDE Fused Block4 (Dense head) ===
✅ FP32 validation PASSED
⏱️  Block4 (Dense) time: 8.23482 µs
   PyTorch GPU target: 186.5 µs
[2026-08-07T01:40:34Z] --- fused_pipeline ---
=== COLIDE Full Pipeline (Chained) ===

⏱️  Blocks 1+2+4 chained (measured this run): 38.7523 µs
   Block 3 FP16 (measured separately, fused_block3_fp16): 601.4 µs
   ─────────────────────────────────
   Pipeline chained total:     640.152 µs
   Pipeline separate total:    770.4 µs
   PyTorch GPU baseline:       2246.76 µs (eager, 20-trial mean)
   ─────────────────────────────────
   Chained speedup vs PyTorch: 3.50972x
   Separate speedup vs PyTorch:2.91635x
   Chaining overhead:          -130.248 µs

📊 Finding: Chaining REDUCES overhead by 130.248 µs
   Back-to-back launches benefit from GPU scheduler pipelining.
[2026-08-07T01:40:34Z] === CUDA kernel statistical benchmark (n=100) ===
==============================================================================
CUDA KERNEL STATISTICAL BENCHMARK (n=100 trials each, tag=v100s, strict=True)
==============================================================================

--- fused_block1 ---
  latency_us: n=100  mean=9.62  std=0.67  (CV=6.9%)  p50=9.51  95%CI=[9.48, 9.75]  range=[8.18, 11.47]

--- fused_block2 ---
  latency_us: n=100  mean=29.73  std=0.59  (CV=2.0%)  p50=29.70  95%CI=[29.62, 29.85]  range=[29.03, 32.26]

--- fused_block3 ---
  no_graphs_us: n=100  mean=706.22  std=23.02  (CV=3.3%)  p50=702.81  95%CI=[701.63, 710.81]  range=[701.03, 900.55]
  with_graphs_us: n=100  mean=700.06  std=22.80  (CV=3.3%)  p50=696.68  95%CI=[695.51, 704.60]  range=[695.39, 892.44]

--- fused_block3_fp16 ---
  latency_us: n=100  mean=513.01  std=0.67  (CV=0.1%)  p50=512.84  95%CI=[512.87, 513.14]  range=[512.09, 515.19]

--- fused_block3_naive ---
  latency_us: n=100  mean=4936.51  std=1.81  (CV=0.0%)  p50=4936.85  95%CI=[4936.15, 4936.87]  range=[4931.11, 4940.63]

--- fused_block4 ---
  latency_us: n=100  mean=8.22  std=0.03  (CV=0.3%)  p50=8.22  95%CI=[8.22, 8.23]  range=[8.16, 8.28]

--- fused_pipeline ---
  b124_chained_us: n=100  mean=47.09  std=3.09  (CV=6.6%)  p50=48.18  95%CI=[46.47, 47.70]  range=[38.67, 48.45]

Derived additive total (mean b124 + mean block3 FP16): 560.1 us
  WARNING: not a measured full pipeline; architecture parity incomplete. Do not publish as full-model CUDA latency or CUDA-vs-PyTorch speedup.

Results saved to /home/user/ibteshamulhaque/colide/benchmarks/results/dicc/core/v100s/20260807_s2_job390653/cuda_kernel_stats.json
Raw samples saved to /home/user/ibteshamulhaque/colide/benchmarks/results/dicc/core/v100s/20260807_s2_job390653/raw/cuda_kernel_raw.json
[2026-08-07T01:44:02Z] === PyTorch GPU statistical harness ===
==============================================================================
PYTORCH GPU STATISTICAL HARNESS (n=20 trials × 1000 forwards, tag=v100s)
checkpoint=/home/user/ibteshamulhaque/colide/model/best_model_botiot_twostage.pth
==============================================================================
  trial  1/20: full=943.6  b1=165.0  b2=151.8  b3=372.2  b4=90.6 us
  trial  2/20: full=976.2  b1=170.3  b2=157.7  b3=362.0  b4=93.7 us
  trial  3/20: full=989.2  b1=173.6  b2=161.0  b3=366.0  b4=96.7 us
  trial  4/20: full=946.0  b1=164.0  b2=156.4  b3=366.4  b4=97.4 us
  trial  5/20: full=984.3  b1=173.5  b2=160.7  b3=362.3  b4=95.9 us
  trial  6/20: full=976.0  b1=171.7  b2=158.9  b3=361.2  b4=96.4 us
  trial  7/20: full=955.2  b1=167.2  b2=159.7  b3=369.8  b4=97.1 us
  trial  8/20: full=949.6  b1=169.1  b2=159.0  b3=363.5  b4=97.9 us
  trial  9/20: full=986.9  b1=174.3  b2=160.6  b3=364.5  b4=98.0 us
  trial 10/20: full=975.7  b1=172.2  b2=158.9  b3=362.8  b4=97.1 us
  trial 11/20: full=958.3  b1=167.8  b2=155.6  b3=357.6  b4=92.2 us
  trial 12/20: full=947.6  b1=165.0  b2=152.3  b3=354.3  b4=90.8 us
  trial 13/20: full=976.1  b1=172.6  b2=159.5  b3=366.7  b4=96.4 us
  trial 14/20: full=989.9  b1=173.2  b2=159.3  b3=365.4  b4=98.7 us
  trial 15/20: full=950.7  b1=165.2  b2=153.4  b3=362.2  b4=96.2 us
  trial 16/20: full=982.8  b1=171.0  b2=157.6  b3=365.4  b4=97.6 us
  trial 17/20: full=952.1  b1=165.5  b2=153.8  b3=356.4  b4=92.6 us
  trial 18/20: full=987.7  b1=172.7  b2=159.5  b3=367.1  b4=97.4 us
  trial 19/20: full=951.2  b1=165.3  b2=155.2  b3=369.7  b4=96.9 us
  trial 20/20: full=954.6  b1=165.2  b2=153.2  b3=355.9  b4=91.6 us

==============================================================================
full_model_us    mean=966.7 us  std=16.6  CV=1.7%  95%CI=[958.7, 974.6]  n=20
block1_us        mean=169.2 us  std=3.5  CV=2.1%  95%CI=[167.5, 170.9]  n=20
block2_us        mean=157.2 us  std=2.9  CV=1.9%  95%CI=[155.8, 158.6]  n=20
block3_us        mean=363.6 us  std=4.7  CV=1.3%  95%CI=[361.3, 365.8]  n=20
block4_us        mean=95.6 us  std=2.5  CV=2.7%  95%CI=[94.3, 96.8]  n=20
comparability.full_pipeline_cuda_vs_pytorch.valid = false
comparability.block3_cuda_vs_pytorch.valid = true
==============================================================================

Results saved to /home/user/ibteshamulhaque/colide/benchmarks/results/dicc/core/v100s/20260807_s2_job390653/pytorch_gpu_stats.json
Raw trials saved to /home/user/ibteshamulhaque/colide/benchmarks/results/dicc/core/v100s/20260807_s2_job390653/raw/pytorch_gpu_raw.json
COLIDE DICC run summary
run_dir=/home/user/ibteshamulhaque/colide/benchmarks/results/dicc/core/v100s/20260807_s2_job390653
Unknown option: -C
usage: git [--version] [--help] [-c name=value]
           [--exec-path[=<path>]] [--html-path] [--man-path] [--info-path]
           [-p|--paginate|--no-pager] [--no-replace-objects] [--bare]
           [--git-dir=<path>] [--work-tree=<path>] [--namespace=<name>]
           <command> [<args>]
git_sha=
gpu=Tesla V100S-PCIE-32GB label=v100s
checkpoint=model/best_model_botiot_twostage.pth
cuda_stats=/home/user/ibteshamulhaque/colide/benchmarks/results/dicc/core/v100s/20260807_s2_job390653/cuda_kernel_stats.json
pytorch_stats=/home/user/ibteshamulhaque/colide/benchmarks/results/dicc/core/v100s/20260807_s2_job390653/pytorch_gpu_stats.json
NOTE: full CUDA-vs-PyTorch pipeline speedup is NOT valid
      (CUDA lacks attention/LayerNorm/GAP; fused_pipeline skips Block3).
      Use per-block comparisons only, especially Block 3.
[2026-08-07T01:45:23Z] === Benchmark core complete (SUCCESS marker written on clean exit) ===
[2026-08-07T01:45:23Z] Run marked SUCCESS: /home/user/ibteshamulhaque/colide/benchmarks/results/dicc/core/v100s/20260807_s2_job390653
[2026-08-07T01:45:23Z] Runner finished with exit_status=0
